###############################################################################
#
# IAR ELF Linker V8.30.1.114/W32 for ARM                  22/Feb/2021  02:05:05
# Copyright 2007-2018 IAR Systems AB.
#
#    Output file  =  
#        C:\Users\AlexV\Desktop\USB_MIC_test\EWARM\USB_MIC_test\Exe\USB_MIC_test.out
#    Map file     =  
#        C:\Users\AlexV\Desktop\USB_MIC_test\EWARM\USB_MIC_test\List\USB_MIC_test.map
#    Command line =  
#        -f C:\Users\AlexV\AppData\Local\Temp\EWD852.tmp
#        (C:\Users\AlexV\Desktop\USB_MIC_test\EWARM\USB_MIC_test\Obj\bsp_driver_sd.o
#        C:\Users\AlexV\Desktop\USB_MIC_test\EWARM\USB_MIC_test\Obj\diskio.o
#        C:\Users\AlexV\Desktop\USB_MIC_test\EWARM\USB_MIC_test\Obj\fatfs.o
#        C:\Users\AlexV\Desktop\USB_MIC_test\EWARM\USB_MIC_test\Obj\ff.o
#        C:\Users\AlexV\Desktop\USB_MIC_test\EWARM\USB_MIC_test\Obj\ff_gen_drv.o
#        C:\Users\AlexV\Desktop\USB_MIC_test\EWARM\USB_MIC_test\Obj\gpio.o
#        C:\Users\AlexV\Desktop\USB_MIC_test\EWARM\USB_MIC_test\Obj\main.o
#        C:\Users\AlexV\Desktop\USB_MIC_test\EWARM\USB_MIC_test\Obj\sd_diskio.o
#        C:\Users\AlexV\Desktop\USB_MIC_test\EWARM\USB_MIC_test\Obj\sdio.o
#        C:\Users\AlexV\Desktop\USB_MIC_test\EWARM\USB_MIC_test\Obj\startup_stm32f407xx.o
#        C:\Users\AlexV\Desktop\USB_MIC_test\EWARM\USB_MIC_test\Obj\stm32f4xx_hal.o
#        C:\Users\AlexV\Desktop\USB_MIC_test\EWARM\USB_MIC_test\Obj\stm32f4xx_hal_cortex.o
#        C:\Users\AlexV\Desktop\USB_MIC_test\EWARM\USB_MIC_test\Obj\stm32f4xx_hal_dac.o
#        C:\Users\AlexV\Desktop\USB_MIC_test\EWARM\USB_MIC_test\Obj\stm32f4xx_hal_dac_ex.o
#        C:\Users\AlexV\Desktop\USB_MIC_test\EWARM\USB_MIC_test\Obj\stm32f4xx_hal_dma.o
#        C:\Users\AlexV\Desktop\USB_MIC_test\EWARM\USB_MIC_test\Obj\stm32f4xx_hal_dma_ex.o
#        C:\Users\AlexV\Desktop\USB_MIC_test\EWARM\USB_MIC_test\Obj\stm32f4xx_hal_exti.o
#        C:\Users\AlexV\Desktop\USB_MIC_test\EWARM\USB_MIC_test\Obj\stm32f4xx_hal_flash.o
#        C:\Users\AlexV\Desktop\USB_MIC_test\EWARM\USB_MIC_test\Obj\stm32f4xx_hal_flash_ex.o
#        C:\Users\AlexV\Desktop\USB_MIC_test\EWARM\USB_MIC_test\Obj\stm32f4xx_hal_flash_ramfunc.o
#        C:\Users\AlexV\Desktop\USB_MIC_test\EWARM\USB_MIC_test\Obj\stm32f4xx_hal_gpio.o
#        C:\Users\AlexV\Desktop\USB_MIC_test\EWARM\USB_MIC_test\Obj\stm32f4xx_hal_msp.o
#        C:\Users\AlexV\Desktop\USB_MIC_test\EWARM\USB_MIC_test\Obj\stm32f4xx_hal_pcd_ex.o
#        C:\Users\AlexV\Desktop\USB_MIC_test\EWARM\USB_MIC_test\Obj\stm32f4xx_hal_pwr.o
#        C:\Users\AlexV\Desktop\USB_MIC_test\EWARM\USB_MIC_test\Obj\stm32f4xx_hal_pwr_ex.o
#        C:\Users\AlexV\Desktop\USB_MIC_test\EWARM\USB_MIC_test\Obj\stm32f4xx_hal_rcc.o
#        C:\Users\AlexV\Desktop\USB_MIC_test\EWARM\USB_MIC_test\Obj\stm32f4xx_hal_rcc_ex.o
#        C:\Users\AlexV\Desktop\USB_MIC_test\EWARM\USB_MIC_test\Obj\stm32f4xx_hal_sd.o
#        C:\Users\AlexV\Desktop\USB_MIC_test\EWARM\USB_MIC_test\Obj\stm32f4xx_hal_tim.o
#        C:\Users\AlexV\Desktop\USB_MIC_test\EWARM\USB_MIC_test\Obj\stm32f4xx_hal_tim_ex.o
#        C:\Users\AlexV\Desktop\USB_MIC_test\EWARM\USB_MIC_test\Obj\stm32f4xx_it.o
#        C:\Users\AlexV\Desktop\USB_MIC_test\EWARM\USB_MIC_test\Obj\stm32f4xx_ll_sdmmc.o
#        C:\Users\AlexV\Desktop\USB_MIC_test\EWARM\USB_MIC_test\Obj\stm32f4xx_ll_usb.o
#        C:\Users\AlexV\Desktop\USB_MIC_test\EWARM\USB_MIC_test\Obj\StorageMode.o
#        C:\Users\AlexV\Desktop\USB_MIC_test\EWARM\USB_MIC_test\Obj\syscall.o
#        C:\Users\AlexV\Desktop\USB_MIC_test\EWARM\USB_MIC_test\Obj\system_stm32f4xx.o
#        C:\Users\AlexV\Desktop\USB_MIC_test\EWARM\USB_MIC_test\Obj\tim.o
#        C:\Users\AlexV\Desktop\USB_MIC_test\EWARM\USB_MIC_test\Obj\usb_bsp.o
#        C:\Users\AlexV\Desktop\USB_MIC_test\EWARM\USB_MIC_test\Obj\usb_core.o
#        C:\Users\AlexV\Desktop\USB_MIC_test\EWARM\USB_MIC_test\Obj\usb_dcd.o
#        C:\Users\AlexV\Desktop\USB_MIC_test\EWARM\USB_MIC_test\Obj\usb_dcd_int.o
#        C:\Users\AlexV\Desktop\USB_MIC_test\EWARM\USB_MIC_test\Obj\usbd_audio_core.o
#        C:\Users\AlexV\Desktop\USB_MIC_test\EWARM\USB_MIC_test\Obj\usbd_core.o
#        C:\Users\AlexV\Desktop\USB_MIC_test\EWARM\USB_MIC_test\Obj\usbd_desc.o
#        C:\Users\AlexV\Desktop\USB_MIC_test\EWARM\USB_MIC_test\Obj\usbd_ioreq.o
#        C:\Users\AlexV\Desktop\USB_MIC_test\EWARM\USB_MIC_test\Obj\usbd_msc_bot.o
#        C:\Users\AlexV\Desktop\USB_MIC_test\EWARM\USB_MIC_test\Obj\usbd_msc_core.o
#        C:\Users\AlexV\Desktop\USB_MIC_test\EWARM\USB_MIC_test\Obj\usbd_msc_data.o
#        C:\Users\AlexV\Desktop\USB_MIC_test\EWARM\USB_MIC_test\Obj\usbd_msc_scsi.o
#        C:\Users\AlexV\Desktop\USB_MIC_test\EWARM\USB_MIC_test\Obj\usbd_req.o
#        C:\Users\AlexV\Desktop\USB_MIC_test\EWARM\USB_MIC_test\Obj\usbd_usr.o
#        --redirect _Printf=_PrintfFullNoMb --redirect _Scanf=_ScanfFullNoMb
#        --no_out_extension -o
#        C:\Users\AlexV\Desktop\USB_MIC_test\EWARM\USB_MIC_test\Exe\USB_MIC_test.out
#        --map
#        C:\Users\AlexV\Desktop\USB_MIC_test\EWARM\USB_MIC_test\List\USB_MIC_test.map
#        --config
#        C:\Users\AlexV\Desktop\USB_MIC_test\EWARM\stm32f407xx_flash.icf
#        --semihosting --entry __iar_program_start --vfe --text_out locale)
#
###############################################################################

*******************************************************************************
*** RUNTIME MODEL ATTRIBUTES
***

CppFlavor       = *
__SystemLibrary = DLib
__dlib_version  = 6


*******************************************************************************
*** HEAP SELECTION
***

The basic heap was selected because no calls to memory allocation
functions were found in the application outside of system library
functions, and there are calls to deallocation functions in the
application.


*******************************************************************************
*** PLACEMENT SUMMARY
***

"A0":  place at 0x800'0000 { ro section .intvec };
"P1":  place in [from 0x800'0000 to 0x80f'ffff] { ro };
define block CSTACK with size = 8K, alignment = 8 { };
define block HEAP with size = 16K, alignment = 8 { };
"P2":  place in [from 0x2000'0000 to 0x2001'ffff] {
          rw, block CSTACK, block HEAP };
initialize by copy { rw };

  Section            Kind         Address     Size  Object
  -------            ----         -------     ----  ------
"A0":                                        0x188
  .intvec            ro code   0x800'0000    0x188  startup_stm32f407xx.o [1]
                             - 0x800'0188    0x188

"P1":                                       0x704e
  .text              ro code   0x800'0188   0x1540  ff.o [1]
  .text              ro code   0x800'16c8     0xb0  diskio.o [1]
  .text              ro code   0x800'1778    0xc54  stm32f4xx_hal_sd.o [1]
  .text              ro code   0x800'23cc     0xd8  sdio.o [1]
  .text              ro code   0x800'24a4     0xa6  ABImemcpy.o [4]
  .text              ro code   0x800'254a     0x7a  lz77_init_single.o [4]
  .text              ro code   0x800'25c4    0x6f4  stm32f4xx_ll_sdmmc.o [1]
  .text              ro code   0x800'2cb8      0xc  stm32f4xx_hal.o [1]
  .text              ro code   0x800'2cc4      0x6  ABImemclr4.o [4]
  .text              ro code   0x800'2cca     0x3a  zero_init3.o [4]
  .text              ro code   0x800'2d04    0x21c  stm32f4xx_hal_gpio.o [1]
  .text              ro code   0x800'2f20     0x28  stm32f4xx_hal.o [1]
  .text              ro code   0x800'2f48     0x32  ABImemset48.o [4]
  .text              ro code   0x800'2f7a      0xe  usbd_usr.o [1]
  .text              ro code   0x800'2f88    0xa32  usb_core.o [1]
  .text              ro code   0x800'39bc    0x122  usb_bsp.o [1]
  .text              ro code   0x800'3ae0    0x12c  stm32f4xx_hal_cortex.o [1]
  .text              ro code   0x800'3c0c    0x774  usbd_msc_scsi.o [1]
  .text              ro code   0x800'4380    0x296  usb_dcd.o [1]
  .text              ro code   0x800'4618    0x25c  usbd_msc_bot.o [1]
  .text              ro code   0x800'4874     0xdc  usbd_ioreq.o [1]
  .text              ro code   0x800'4950    0x64c  usbd_req.o [1]
  .text              ro code   0x800'4f9c    0x2a4  usbd_core.o [1]
  .text              ro code   0x800'5240    0x51e  usb_dcd_int.o [1]
  .text              ro code   0x800'5760    0x3b4  stm32f4xx_hal_rcc.o [1]
  .text              ro code   0x800'5b14    0x308  usbd_audio_core.o [1]
  .text              ro code   0x800'5e1c     0x18  usbd_msc_core.o [1]
  .text              ro code   0x800'5e34    0x2c4  main.o [1]
  .text              ro code   0x800'60f8     0x34  stm32f4xx_hal.o [1]
  .text              ro code   0x800'612c     0xb8  gpio.o [1]
  .text              ro code   0x800'61e4     0x90  tim.o [1]
  .text              ro code   0x800'6274     0x1c  fatfs.o [1]
  .text              ro code   0x800'6290    0x1d4  stm32f4xx_hal_rcc.o [1]
  .text              ro code   0x800'6464     0x68  memcmp.o [4]
  .text              ro code   0x800'64cc     0x4c  stm32f4xx_hal.o [1]
  .text              ro code   0x800'6518     0x40  stm32f4xx_hal_msp.o [1]
  .text              ro code   0x800'6558    0x120  stm32f4xx_hal_tim.o [1]
  .text              ro code   0x800'6678     0xac  stm32f4xx_hal_tim_ex.o [1]
  .text              ro code   0x800'6724     0x50  ff_gen_drv.o [1]
  .text              ro code   0x800'6774    0x230  I64DivMod.o [4]
  .text              ro code   0x800'69a4      0x2  I64DivZer.o [4]
  .text              ro code   0x800'69a8     0xf4  sd_diskio.o [1]
  .text              ro code   0x800'6a9c     0x1c  bsp_driver_sd.o [1]
  .text              ro code   0x800'6ab8     0x3c  bsp_driver_sd.o [1]
  .text              ro code   0x800'6af4     0x24  bsp_driver_sd.o [1]
  .text              ro code   0x800'6b18     0x24  bsp_driver_sd.o [1]
  .text              ro code   0x800'6b3c     0x10  bsp_driver_sd.o [1]
  .text              ro code   0x800'6b4c     0x10  bsp_driver_sd.o [1]
  .text              ro code   0x800'6b5c     0xd0  usbd_desc.o [1]
  .rodata            const     0x800'6c2c     0x80  ff.o [1]
  .text              ro code   0x800'6cac     0x58  StorageMode.o [1]
  .text              ro code   0x800'6d04     0x28  stm32f4xx_it.o [1]
  .text              ro code   0x800'6d2c     0x18  stm32f4xx_hal.o [1]
  .text              ro code   0x800'6d44     0x28  data_init.o [4]
  .rodata            const     0x800'6d6c     0x24  StorageMode.o [1]
  .rodata            const     0x800'6d90     0x24  usbd_desc.o [1]
  .rodata            const     0x800'6db4     0x24  usbd_desc.o [1]
  .text              ro code   0x800'6dd8     0x22  fpinit_M.o [3]
  .iar.init_table    const     0x800'6dfc     0x20  - Linker created -
  .text              ro code   0x800'6e1c     0x1e  cmain.o [4]
  .text              ro code   0x800'6e3a      0x4  low_level_init.o [2]
  .text              ro code   0x800'6e3e      0x4  exit.o [2]
  .text              ro code   0x800'6e44      0xa  cexit.o [4]
  .text              ro code   0x800'6e50     0x14  exit.o [5]
  .text              ro code   0x800'6e64     0x1c  system_stm32f4xx.o [1]
  .rodata            const     0x800'6e80     0x14  sd_diskio.o [1]
  .rodata            const     0x800'6e94     0x14  usbd_desc.o [1]
  .rodata            const     0x800'6ea8     0x10  ff.o [1]
  .rodata            const     0x800'6eb8     0x10  system_stm32f4xx.o [1]
  .rodata            const     0x800'6ec8     0x10  usbd_desc.o [1]
  .rodata            const     0x800'6ed8     0x10  usbd_desc.o [1]
  .rodata            const     0x800'6ee8     0x10  usbd_desc.o [1]
  .rodata            const     0x800'6ef8     0x10  usbd_desc.o [1]
  .rodata            const     0x800'6f08     0x10  usbd_desc.o [1]
  .text              ro code   0x800'6f18     0x10  startup_stm32f407xx.o [1]
  .rodata            const     0x800'6f28      0xc  main.o [1]
  .text              ro code   0x800'6f34      0xc  cstartup_M.o [4]
  .rodata            const     0x800'6f40      0x8  main.o [1]
  .rodata            const     0x800'6f48      0x8  tim.o [1]
  .rodata            const     0x800'6f50      0x8  usbd_msc_data.o [1]
  .rodata            const     0x800'6f58      0x8  usbd_msc_data.o [1]
  .rodata            const     0x800'6f60      0x8  usbd_msc_data.o [1]
  .text              ro code   0x800'6f68      0x4  startup_stm32f407xx.o [1]
  .text              ro code   0x800'6f6c      0x4  startup_stm32f407xx.o [1]
  .text              ro code   0x800'6f70      0x4  startup_stm32f407xx.o [1]
  .text              ro code   0x800'6f74      0x4  startup_stm32f407xx.o [1]
  .text              ro code   0x800'6f78      0x4  startup_stm32f407xx.o [1]
  .text              ro code   0x800'6f7c      0x4  startup_stm32f407xx.o [1]
  .text              ro code   0x800'6f80      0x4  startup_stm32f407xx.o [1]
  .text              ro code   0x800'6f84      0x4  startup_stm32f407xx.o [1]
  .text              ro code   0x800'6f88      0x4  startup_stm32f407xx.o [1]
  .text              ro code   0x800'6f8c      0x4  startup_stm32f407xx.o [1]
  .text              ro code   0x800'6f90      0x4  startup_stm32f407xx.o [1]
  .text              ro code   0x800'6f94      0x4  startup_stm32f407xx.o [1]
  .text              ro code   0x800'6f98      0x4  startup_stm32f407xx.o [1]
  .text              ro code   0x800'6f9c      0x4  startup_stm32f407xx.o [1]
  .text              ro code   0x800'6fa0      0x4  startup_stm32f407xx.o [1]
  .text              ro code   0x800'6fa4      0x4  startup_stm32f407xx.o [1]
  .text              ro code   0x800'6fa8      0x4  startup_stm32f407xx.o [1]
  .text              ro code   0x800'6fac      0x4  startup_stm32f407xx.o [1]
  .text              ro code   0x800'6fb0      0x4  startup_stm32f407xx.o [1]
  .text              ro code   0x800'6fb4      0x4  startup_stm32f407xx.o [1]
  .text              ro code   0x800'6fb8      0x4  startup_stm32f407xx.o [1]
  .text              ro code   0x800'6fbc      0x4  startup_stm32f407xx.o [1]
  .text              ro code   0x800'6fc0      0x4  startup_stm32f407xx.o [1]
  .text              ro code   0x800'6fc4      0x4  startup_stm32f407xx.o [1]
  .text              ro code   0x800'6fc8      0x4  startup_stm32f407xx.o [1]
  .text              ro code   0x800'6fcc      0x4  startup_stm32f407xx.o [1]
  .text              ro code   0x800'6fd0      0x4  startup_stm32f407xx.o [1]
  .text              ro code   0x800'6fd4      0x4  startup_stm32f407xx.o [1]
  .text              ro code   0x800'6fd8      0x4  startup_stm32f407xx.o [1]
  .text              ro code   0x800'6fdc      0x4  startup_stm32f407xx.o [1]
  .text              ro code   0x800'6fe0      0x4  startup_stm32f407xx.o [1]
  .text              ro code   0x800'6fe4      0x4  startup_stm32f407xx.o [1]
  .text              ro code   0x800'6fe8      0x4  startup_stm32f407xx.o [1]
  .text              ro code   0x800'6fec      0x4  startup_stm32f407xx.o [1]
  .text              ro code   0x800'6ff0      0x4  startup_stm32f407xx.o [1]
  .text              ro code   0x800'6ff4      0x4  startup_stm32f407xx.o [1]
  .text              ro code   0x800'6ff8      0x4  startup_stm32f407xx.o [1]
  .text              ro code   0x800'6ffc      0x4  startup_stm32f407xx.o [1]
  .text              ro code   0x800'7000      0x4  startup_stm32f407xx.o [1]
  .text              ro code   0x800'7004      0x4  startup_stm32f407xx.o [1]
  .text              ro code   0x800'7008      0x4  startup_stm32f407xx.o [1]
  .text              ro code   0x800'700c      0x4  startup_stm32f407xx.o [1]
  .text              ro code   0x800'7010      0x4  startup_stm32f407xx.o [1]
  .text              ro code   0x800'7014      0x4  startup_stm32f407xx.o [1]
  .text              ro code   0x800'7018      0x4  startup_stm32f407xx.o [1]
  .text              ro code   0x800'701c      0x4  startup_stm32f407xx.o [1]
  .text              ro code   0x800'7020      0x4  startup_stm32f407xx.o [1]
  .text              ro code   0x800'7024      0x4  startup_stm32f407xx.o [1]
  .text              ro code   0x800'7028      0x4  startup_stm32f407xx.o [1]
  .text              ro code   0x800'702c      0x4  startup_stm32f407xx.o [1]
  .text              ro code   0x800'7030      0x4  startup_stm32f407xx.o [1]
  .text              ro code   0x800'7034      0x4  startup_stm32f407xx.o [1]
  .text              ro code   0x800'7038      0x4  startup_stm32f407xx.o [1]
  .text              ro code   0x800'703c      0x4  startup_stm32f407xx.o [1]
  .text              ro code   0x800'7040      0x4  startup_stm32f407xx.o [1]
  .text              ro code   0x800'7044      0x4  startup_stm32f407xx.o [1]
  .text              ro code   0x800'7048      0x4  startup_stm32f407xx.o [1]
  .text              ro code   0x800'704c      0x4  startup_stm32f407xx.o [1]
  .text              ro code   0x800'7050      0x4  startup_stm32f407xx.o [1]
  .text              ro code   0x800'7054      0x4  startup_stm32f407xx.o [1]
  .text              ro code   0x800'7058      0x4  startup_stm32f407xx.o [1]
  .text              ro code   0x800'705c      0x4  startup_stm32f407xx.o [1]
  .text              ro code   0x800'7060      0x4  startup_stm32f407xx.o [1]
  .text              ro code   0x800'7064      0x4  startup_stm32f407xx.o [1]
  .text              ro code   0x800'7068      0x4  startup_stm32f407xx.o [1]
  .text              ro code   0x800'706c      0x4  startup_stm32f407xx.o [1]
  .text              ro code   0x800'7070      0x4  startup_stm32f407xx.o [1]
  .text              ro code   0x800'7074      0x4  startup_stm32f407xx.o [1]
  .text              ro code   0x800'7078      0x4  startup_stm32f407xx.o [1]
  .text              ro code   0x800'707c      0x4  startup_stm32f407xx.o [1]
  .text              ro code   0x800'7080      0x4  startup_stm32f407xx.o [1]
  .text              ro code   0x800'7084      0x4  startup_stm32f407xx.o [1]
  .text              ro code   0x800'7088      0x4  startup_stm32f407xx.o [1]
  .text              ro code   0x800'708c      0x4  startup_stm32f407xx.o [1]
  .text              ro code   0x800'7090      0x4  startup_stm32f407xx.o [1]
  .text              ro code   0x800'7094      0x4  startup_stm32f407xx.o [1]
  .text              ro code   0x800'7098      0x4  startup_stm32f407xx.o [1]
  .text              ro code   0x800'709c      0x4  startup_stm32f407xx.o [1]
  .text              ro code   0x800'70a0      0x4  startup_stm32f407xx.o [1]
  .text              ro code   0x800'70a4      0x4  startup_stm32f407xx.o [1]
  .rodata            const     0x800'70a8      0x0  zero_init3.o [4]
  .rodata            const     0x800'70a8      0x0  lz77_init_single.o [4]
  Initializer bytes  const     0x800'70a8    0x12e  <for P2-1>
                             - 0x800'71d6   0x704e

"P2", part 1 of 3:                           0x16a
  P2-1                        0x2000'0000    0x16a  <Init block>
    .data            inited   0x2000'0000      0x4  main.o [1]
    .data            inited   0x2000'0004      0x4  stm32f4xx_hal.o [1]
    .data            inited   0x2000'0008     0x20  StorageMode.o [1]
    .data            inited   0x2000'0028      0x4  StorageMode.o [1]
    .data            inited   0x2000'002c      0x4  system_stm32f4xx.o [1]
    .data            inited   0x2000'0030     0x2c  usbd_audio_core.o [1]
    .data            inited   0x2000'005c     0x8c  usbd_audio_core.o [1]
    .data            inited   0x2000'00e8     0x2c  usbd_core.o [1]
    .data            inited   0x2000'0114      0x4  usbd_core.o [1]
    .data            inited   0x2000'0118     0x1c  usbd_desc.o [1]
    .data            inited   0x2000'0134     0x14  usbd_desc.o [1]
    .data            inited   0x2000'0148      0x4  usbd_desc.o [1]
    .data            inited   0x2000'014c     0x1c  usbd_usr.o [1]
    .data            inited   0x2000'0168      0x1  sd_diskio.o [1]
    .data            inited   0x2000'0169      0x1  stm32f4xx_hal.o [1]
                            - 0x2000'016a    0x16a

"P2", part 2 of 3:                         0x1746c
  .bss               zero     0x2000'016c  0x15400  main.o [1]
  .bss               zero     0x2001'556c   0x1000  usbd_msc_bot.o [1]
  .bss               zero     0x2001'656c    0xb14  main.o [1]
  .bss               zero     0x2001'7080    0x230  fatfs.o [1]
  .bss               zero     0x2001'72b0     0xc8  usbd_req.o [1]
  .bss               zero     0x2001'7378     0x84  sdio.o [1]
  .bss               zero     0x2001'73fc     0x50  ff.o [1]
  .bss               zero     0x2001'744c     0x40  tim.o [1]
  .bss               zero     0x2001'748c     0x40  usbd_audio_core.o [1]
  .bss               zero     0x2001'74cc     0x40  usbd_audio_core.o [1]
  .bss               zero     0x2001'750c     0x20  StorageMode.o [1]
  .bss               zero     0x2001'752c     0x20  usbd_msc_bot.o [1]
  .bss               zero     0x2001'754c     0x20  usbd_msc_scsi.o [1]
  .bss               zero     0x2001'756c     0x10  usbd_msc_bot.o [1]
  .bss               zero     0x2001'757c      0xc  ff_gen_drv.o [1]
  .bss               zero     0x2001'7588      0x4  fatfs.o [1]
  .bss               zero     0x2001'758c      0x4  ff.o [1]
  .bss               zero     0x2001'7590      0x4  main.o [1]
  .bss               zero     0x2001'7594      0x4  stm32f4xx_hal.o [1]
  .bss               zero     0x2001'7598      0x4  usbd_audio_core.o [1]
  .bss               zero     0x2001'759c      0x4  usbd_audio_core.o [1]
  .bss               zero     0x2001'75a0      0x4  usbd_audio_core.o [1]
  .bss               zero     0x2001'75a4      0x4  usbd_msc_scsi.o [1]
  .bss               zero     0x2001'75a8      0x4  usbd_msc_scsi.o [1]
  .bss               zero     0x2001'75ac      0x4  usbd_msc_scsi.o [1]
  .bss               zero     0x2001'75b0      0x4  usbd_msc_scsi.o [1]
  .bss               zero     0x2001'75b4      0x4  usbd_msc_scsi.o [1]
  .bss               zero     0x2001'75b8      0x4  usbd_req.o [1]
  .bss               zero     0x2001'75bc      0x4  usbd_req.o [1]
  .bss               zero     0x2001'75c0      0x4  usbd_req.o [1]
  .bss               zero     0x2001'75c4      0x2  ff.o [1]
  .bss               zero     0x2001'75c6      0x2  usbd_msc_bot.o [1]
  .bss               zero     0x2001'75c8      0x1  fatfs.o [1]
  .bss               zero     0x2001'75c9      0x1  main.o [1]
  .bss               zero     0x2001'75ca      0x1  main.o [1]
  .bss               zero     0x2001'75cb      0x1  main.o [1]
  .bss               zero     0x2001'75cc      0x1  usbd_audio_core.o [1]
  .bss               zero     0x2001'75cd      0x1  usbd_audio_core.o [1]
  .bss               zero     0x2001'75ce      0x1  usbd_audio_core.o [1]
  .bss               zero     0x2001'75cf      0x1  usbd_audio_core.o [1]
  .bss               zero     0x2001'75d0      0x1  usbd_audio_core.o [1]
  .bss               zero     0x2001'75d1      0x1  usbd_msc_bot.o [1]
  .bss               zero     0x2001'75d2      0x1  usbd_msc_bot.o [1]
  .bss               zero     0x2001'75d3      0x1  usbd_msc_scsi.o [1]
  .bss               zero     0x2001'75d4      0x1  usbd_msc_scsi.o [1]
  .bss               zero     0x2001'75d5      0x1  usbd_req.o [1]
                            - 0x2001'75d6  0x1746a

"P2", part 3 of 3:                          0x2000
  CSTACK                      0x2001'75d8   0x2000  <Block>
    CSTACK           uninit   0x2001'75d8   0x2000  <Block tail>
                            - 0x2001'95d8   0x2000

Unused ranges:

         From           To      Size
         ----           --      ----
   0x800'71d6   0x80f'ffff  0xf'8e2a
  0x2000'016a  0x2000'016b       0x2
  0x2001'95d8  0x2001'ffff    0x6a28


*******************************************************************************
*** INIT TABLE
***

          Address      Size
          -------      ----
Zero (__iar_zero_init3)
    1 destination range, total size 0x1746a:
          0x2000'016c  0x1746a

Copy/lz77 (__iar_lz77_init_single3)
    1 source range, total size 0x12e (83% of destination):
           0x800'70a8    0x12e
    1 destination range, total size 0x16a:
          0x2000'0000    0x16a



*******************************************************************************
*** MODULE SUMMARY
***

    Module                  ro code  ro data  rw data
    ------                  -------  -------  -------
command line/config:
    -------------------------------------------------
    Total:

C:\Users\AlexV\Desktop\USB_MIC_test\EWARM\USB_MIC_test\Obj: [1]
    StorageMode.o                88       66       68
    bsp_driver_sd.o             192
    diskio.o                    176
    fatfs.o                      28               565
    ff.o                      5 440      144       86
    ff_gen_drv.o                 80                12
    gpio.o                      184
    main.o                      708       23   89 887
    sd_diskio.o                 244       21        1
    sdio.o                      216               132
    startup_stm32f407xx.o       728
    stm32f4xx_hal.o             204        4        9
    stm32f4xx_hal_cortex.o      300
    stm32f4xx_hal_gpio.o        540
    stm32f4xx_hal_msp.o          64
    stm32f4xx_hal_rcc.o       1 416
    stm32f4xx_hal_sd.o        3 156
    stm32f4xx_hal_tim.o         288
    stm32f4xx_hal_tim_ex.o      172
    stm32f4xx_it.o               40
    stm32f4xx_ll_sdmmc.o      1 780
    system_stm32f4xx.o           28       20        4
    tim.o                       144        8       64
    usb_bsp.o                   290
    usb_core.o                2 610
    usb_dcd.o                   662
    usb_dcd_int.o             1 310
    usbd_audio_core.o           776      153      329
    usbd_core.o                 676       40       48
    usbd_desc.o                 208      215       52
    usbd_ioreq.o                220
    usbd_msc_bot.o              604             4 148
    usbd_msc_core.o              24
    usbd_msc_data.o                       24
    usbd_msc_scsi.o           1 908                54
    usbd_req.o                1 612               213
    usbd_usr.o                   14       24       28
    -------------------------------------------------
    Total:                   27 130      742   95 700

dl7M_tlf.a: [2]
    exit.o                        4
    low_level_init.o              4
    -------------------------------------------------
    Total:                        8

m7M_tls.a: [3]
    fpinit_M.o                   34
    -------------------------------------------------
    Total:                       34

rt7M_tl.a: [4]
    ABImemclr4.o                  6
    ABImemcpy.o                 166
    ABImemset48.o                50
    I64DivMod.o                 560
    I64DivZer.o                   2
    cexit.o                      10
    cmain.o                      30
    cstartup_M.o                 12
    data_init.o                  40
    lz77_init_single.o          122
    memcmp.o                    104
    zero_init3.o                 58
    -------------------------------------------------
    Total:                    1 160

shb_l.a: [5]
    exit.o                       20
    -------------------------------------------------
    Total:                       20

    Gaps                         14        2
    Linker created                        32    8 192
-----------------------------------------------------
    Grand Total:             28 366      776  103 892


*******************************************************************************
*** ENTRY LIST
***

Entry                       Address     Size  Type      Object
-----                       -------     ----  ----      ------
.iar.init_table$$Base    0x800'6dfc            --   Gb  - Linker created -
.iar.init_table$$Limit   0x800'6e1c            --   Gb  - Linker created -
?main                    0x800'6e1d           Code  Gb  cmain.o [4]
AHBPrescTable            0x800'6eb8     0x10  Data  Gb  system_stm32f4xx.o [1]
AUDIO_Req_GetCurrent     0x800'5d9f      0xc  Code  Lc  usbd_audio_core.o [1]
AUDIO_Req_SetCurrent     0x800'5dab     0x2a  Code  Lc  usbd_audio_core.o [1]
AUDIO_cb                0x2000'0030     0x2c  Data  Gb  usbd_audio_core.o [1]
AudioCtl                0x2001'748c     0x40  Data  Gb  usbd_audio_core.o [1]
AudioCtlCmd             0x2001'75ce      0x1  Data  Gb  usbd_audio_core.o [1]
AudioCtlLen             0x2001'7598      0x4  Data  Gb  usbd_audio_core.o [1]
AudioCtlUnit            0x2001'75cf      0x1  Data  Gb  usbd_audio_core.o [1]
BSP_SD_GetCardInfo       0x800'6b3d     0x10  Code  Wk  bsp_driver_sd.o [1]
BSP_SD_GetCardState      0x800'6a9d     0x1c  Code  Wk  bsp_driver_sd.o [1]
BSP_SD_Init              0x800'6ab9     0x3c  Code  Wk  bsp_driver_sd.o [1]
BSP_SD_ReadBlocks        0x800'6af5     0x24  Code  Wk  bsp_driver_sd.o [1]
BSP_SD_WriteBlocks       0x800'6b19     0x24  Code  Wk  bsp_driver_sd.o [1]
BusFault_Handler         0x800'6d0b      0x2  Code  Gb  stm32f4xx_it.o [1]
CSTACK$$Base            0x2001'75d8            --   Gb  - Linker created -
CSTACK$$Limit           0x2001'95d8            --   Gb  - Linker created -
CardInfo                0x2001'750c     0x20  Data  Gb  StorageMode.o [1]
DCD_EP_Close             0x800'447f     0x4a  Code  Gb  usb_dcd.o [1]
DCD_EP_ClrStall          0x800'459b     0x4a  Code  Gb  usb_dcd.o [1]
DCD_EP_Flush             0x800'45e5     0x1e  Code  Gb  usb_dcd.o [1]
DCD_EP_Open              0x800'441b     0x64  Code  Gb  usb_dcd.o [1]
DCD_EP_PrepareRx         0x800'44c9     0x48  Code  Gb  usb_dcd.o [1]
DCD_EP_SetAddress        0x800'4603     0x14  Code  Gb  usb_dcd.o [1]
DCD_EP_Stall             0x800'4551     0x4a  Code  Gb  usb_dcd.o [1]
DCD_EP_Tx                0x800'4511     0x40  Code  Gb  usb_dcd.o [1]
DCD_HandleEnumDone_ISR   0x800'56f5     0x4a  Code  Lc  usb_dcd_int.o [1]
DCD_HandleInEP_ISR       0x800'539f     0x74  Code  Lc  usb_dcd_int.o [1]
DCD_HandleOutEP_ISR      0x800'5413     0xc6  Code  Lc  usb_dcd_int.o [1]
DCD_HandleResume_ISR     0x800'52dd     0x48  Code  Lc  usb_dcd_int.o [1]
DCD_HandleRxStatusQueueLevel_ISR
                         0x800'54f5     0xa0  Code  Lc  usb_dcd_int.o [1]
DCD_HandleSof_ISR        0x800'54d9     0x1c  Code  Lc  usb_dcd_int.o [1]
DCD_HandleUSBSuspend_ISR
                         0x800'5325     0x7a  Code  Lc  usb_dcd_int.o [1]
DCD_HandleUsbReset_ISR   0x800'5643     0xa8  Code  Lc  usb_dcd_int.o [1]
DCD_Init                 0x800'4381     0x9a  Code  Gb  usb_dcd.o [1]
DCD_ReadDevInEP          0x800'573f     0x20  Code  Lc  usb_dcd_int.o [1]
DCD_WriteEmptyTxFifo     0x800'5595     0xae  Code  Lc  usb_dcd_int.o [1]
DebugMon_Handler         0x800'6d11      0x2  Code  Gb  stm32f4xx_it.o [1]
Error_Handler            0x800'60f5      0x4  Code  Gb  main.o [1]
ExCvt                    0x800'6c2c     0x80  Data  Lc  ff.o [1]
FATFS_LinkDriver         0x800'6767      0xa  Code  Gb  ff_gen_drv.o [1]
FATFS_LinkDriverEx       0x800'6725     0x42  Code  Gb  ff_gen_drv.o [1]
FatFs                   0x2001'758c      0x4  Data  Lc  ff.o [1]
Files                   0x2001'73fc     0x50  Data  Lc  ff.o [1]
Fsid                    0x2001'75c4      0x2  Data  Lc  ff.o [1]
HAL_Delay                0x800'2f21     0x28  Code  Wk  stm32f4xx_hal.o [1]
HAL_GPIO_Init            0x800'2d05    0x1d0  Code  Gb  stm32f4xx_hal_gpio.o [1]
HAL_GPIO_WritePin        0x800'2ed5     0x14  Code  Gb  stm32f4xx_hal_gpio.o [1]
HAL_GetTick              0x800'2cb9      0xc  Code  Wk  stm32f4xx_hal.o [1]
HAL_IncTick              0x800'6d2d     0x18  Code  Wk  stm32f4xx_hal.o [1]
HAL_Init                 0x800'60f9     0x30  Code  Gb  stm32f4xx_hal.o [1]
HAL_InitTick             0x800'64cd     0x4c  Code  Wk  stm32f4xx_hal.o [1]
HAL_MspInit              0x800'6519     0x40  Code  Gb  stm32f4xx_hal_msp.o [1]
HAL_NVIC_EnableIRQ       0x800'3bd9      0xa  Code  Gb  stm32f4xx_hal_cortex.o [1]
HAL_NVIC_SetPriority     0x800'3bb7     0x22  Code  Gb  stm32f4xx_hal_cortex.o [1]
HAL_NVIC_SetPriorityGrouping
                         0x800'3baf      0x8  Code  Gb  stm32f4xx_hal_cortex.o [1]
HAL_RCC_ClockConfig      0x800'6291    0x13a  Code  Gb  stm32f4xx_hal_rcc.o [1]
HAL_RCC_OscConfig        0x800'5761    0x3b4  Code  Wk  stm32f4xx_hal_rcc.o [1]
HAL_SD_ConfigWideBusOperation
                         0x800'1f67     0xaa  Code  Gb  stm32f4xx_hal_sd.o [1]
HAL_SD_GetCardCSD        0x800'1d51    0x1f2  Code  Gb  stm32f4xx_hal_sd.o [1]
HAL_SD_GetCardInfo       0x800'1f43     0x24  Code  Gb  stm32f4xx_hal_sd.o [1]
HAL_SD_GetCardState      0x800'2011     0x22  Code  Gb  stm32f4xx_hal_sd.o [1]
HAL_SD_Init              0x800'1779     0x44  Code  Gb  stm32f4xx_hal_sd.o [1]
HAL_SD_InitCard          0x800'17bd     0x88  Code  Gb  stm32f4xx_hal_sd.o [1]
HAL_SD_MspInit           0x800'23f3     0x9a  Code  Gb  sdio.o [1]
HAL_SD_ReadBlocks        0x800'1845    0x2aa  Code  Gb  stm32f4xx_hal_sd.o [1]
HAL_SD_WriteBlocks       0x800'1aef    0x25a  Code  Gb  stm32f4xx_hal_sd.o [1]
HAL_SYSTICK_Config       0x800'3be3      0x8  Code  Gb  stm32f4xx_hal_cortex.o [1]
HAL_TIMEx_MasterConfigSynchronization
                         0x800'6679     0x8c  Code  Gb  stm32f4xx_hal_tim_ex.o [1]
HAL_TIM_Base_Init        0x800'6559     0x38  Code  Gb  stm32f4xx_hal_tim.o [1]
HAL_TIM_Base_MspInit     0x800'6231     0x34  Code  Gb  tim.o [1]
HardFault_Handler        0x800'6d07      0x2  Code  Gb  stm32f4xx_it.o [1]
MSC_BOT_Abort            0x800'47e5     0x40  Code  Lc  usbd_msc_bot.o [1]
MSC_BOT_CBW_Decode       0x800'46e7     0x9e  Code  Lc  usbd_msc_bot.o [1]
MSC_BOT_CplClrFeature    0x800'4825     0x2a  Code  Gb  usbd_msc_bot.o [1]
MSC_BOT_Data            0x2001'556c   0x1000  Data  Gb  usbd_msc_bot.o [1]
MSC_BOT_DataIn           0x800'4673     0x3c  Code  Gb  usbd_msc_bot.o [1]
MSC_BOT_DataLen         0x2001'75c6      0x2  Data  Gb  usbd_msc_bot.o [1]
MSC_BOT_DataOut          0x800'46af     0x38  Code  Gb  usbd_msc_bot.o [1]
MSC_BOT_DeInit           0x800'466b      0x8  Code  Gb  usbd_msc_bot.o [1]
MSC_BOT_Init             0x800'4619     0x38  Code  Gb  usbd_msc_bot.o [1]
MSC_BOT_Reset            0x800'4651     0x1a  Code  Gb  usbd_msc_bot.o [1]
MSC_BOT_SendCSW          0x800'47bb     0x2a  Code  Gb  usbd_msc_bot.o [1]
MSC_BOT_SendData         0x800'4785     0x36  Code  Lc  usbd_msc_bot.o [1]
MSC_BOT_State           0x2001'75d1      0x1  Data  Gb  usbd_msc_bot.o [1]
MSC_BOT_Status          0x2001'75d2      0x1  Data  Gb  usbd_msc_bot.o [1]
MSC_BOT_cbw             0x2001'752c     0x20  Data  Gb  usbd_msc_bot.o [1]
MSC_BOT_csw             0x2001'756c     0x10  Data  Gb  usbd_msc_bot.o [1]
MSC_Mode_Sense10_data    0x800'6f60      0x8  Data  Gb  usbd_msc_data.o [1]
MSC_Mode_Sense6_data     0x800'6f58      0x8  Data  Gb  usbd_msc_data.o [1]
MSC_Page00_Inquiry_Data
                         0x800'6f50      0x8  Data  Gb  usbd_msc_data.o [1]
MX_FATFS_Init            0x800'6275     0x10  Code  Gb  fatfs.o [1]
MX_GPIO_Init             0x800'612d     0xb8  Code  Gb  gpio.o [1]
MX_SDIO_SD_Init          0x800'23cd     0x26  Code  Gb  sdio.o [1]
MX_TIM6_Init             0x800'61e5     0x4c  Code  Gb  tim.o [1]
MemManage_Handler        0x800'6d09      0x2  Code  Gb  stm32f4xx_it.o [1]
MicOutBuffer0           0x2001'74cc     0x40  Data  Gb  usbd_audio_core.o [1]
NMI_Handler              0x800'6d05      0x2  Code  Gb  stm32f4xx_it.o [1]
NVIC_EncodePriority      0x800'3b45     0x3c  Code  Lc  stm32f4xx_hal_cortex.o [1]
OTG_FS_IRQHandler        0x800'6d1d      0xa  Code  Gb  stm32f4xx_it.o [1]
PendSV_Handler           0x800'6d13      0x2  Code  Gb  stm32f4xx_it.o [1]
PlayFlag                0x2001'759c      0x4  Data  Gb  usbd_audio_core.o [1]
PlayStatus              0x2001'75ca      0x1  Data  Gb  main.o [1]
Region$$Table$$Base      0x800'6dfc            --   Gb  - Linker created -
Region$$Table$$Limit     0x800'6e1c            --   Gb  - Linker created -
SCSI_CheckAddressRange   0x800'41db     0x22  Code  Lc  usbd_msc_scsi.o [1]
SCSI_Inquiry             0x800'3d25     0x5c  Code  Lc  usbd_msc_scsi.o [1]
SCSI_ModeSense10         0x800'3eb1     0x2c  Code  Lc  usbd_msc_scsi.o [1]
SCSI_ModeSense6          0x800'3e85     0x2c  Code  Lc  usbd_msc_scsi.o [1]
SCSI_ProcessCmd          0x800'3c0d     0xca  Code  Gb  usbd_msc_scsi.o [1]
SCSI_ProcessRead         0x800'41fd     0x94  Code  Lc  usbd_msc_scsi.o [1]
SCSI_ProcessWrite        0x800'4291     0xaa  Code  Lc  usbd_msc_scsi.o [1]
SCSI_Read10              0x800'3f99     0xe2  Code  Lc  usbd_msc_scsi.o [1]
SCSI_ReadCapacity10      0x800'3d81     0x78  Code  Lc  usbd_msc_scsi.o [1]
SCSI_ReadFormatCapacity
                         0x800'3df9     0x8c  Code  Lc  usbd_msc_scsi.o [1]
SCSI_RequestSense        0x800'3edd     0x80  Code  Lc  usbd_msc_scsi.o [1]
SCSI_Sense              0x2001'754c     0x20  Data  Gb  usbd_msc_scsi.o [1]
SCSI_SenseCode           0x800'3f5d     0x30  Code  Gb  usbd_msc_scsi.o [1]
SCSI_Sense_Head         0x2001'75d3      0x1  Data  Gb  usbd_msc_scsi.o [1]
SCSI_Sense_Tail         0x2001'75d4      0x1  Data  Gb  usbd_msc_scsi.o [1]
SCSI_StartStopUnit       0x800'3f8d      0xc  Code  Lc  usbd_msc_scsi.o [1]
SCSI_TestUnitReady       0x800'3cd7     0x4e  Code  Lc  usbd_msc_scsi.o [1]
SCSI_Verify10            0x800'419f     0x3c  Code  Lc  usbd_msc_scsi.o [1]
SCSI_Write10             0x800'407b    0x124  Code  Lc  usbd_msc_scsi.o [1]
SCSI_blk_addr           0x2001'75ac      0x4  Data  Gb  usbd_msc_scsi.o [1]
SCSI_blk_len            0x2001'75b0      0x4  Data  Gb  usbd_msc_scsi.o [1]
SCSI_blk_nbr            0x2001'75a8      0x4  Data  Gb  usbd_msc_scsi.o [1]
SCSI_blk_size           0x2001'75a4      0x4  Data  Gb  usbd_msc_scsi.o [1]
SDFatFS                 0x2001'7080    0x230  Data  Gb  fatfs.o [1]
SDIO_ConfigData          0x800'2651     0x2c  Code  Gb  stm32f4xx_ll_sdmmc.o [1]
SDIO_GetCommandResponse
                         0x800'2643      0x6  Code  Gb  stm32f4xx_ll_sdmmc.o [1]
SDIO_GetPowerState       0x800'2613      0x8  Code  Gb  stm32f4xx_ll_sdmmc.o [1]
SDIO_GetResponse         0x800'2649      0x8  Code  Gb  stm32f4xx_ll_sdmmc.o [1]
SDIO_Init                0x800'25c5     0x2e  Code  Gb  stm32f4xx_ll_sdmmc.o [1]
SDIO_PowerState_ON       0x800'2603     0x10  Code  Gb  stm32f4xx_ll_sdmmc.o [1]
SDIO_ReadFIFO            0x800'25f3      0x6  Code  Gb  stm32f4xx_ll_sdmmc.o [1]
SDIO_SendCommand         0x800'261b     0x28  Code  Gb  stm32f4xx_ll_sdmmc.o [1]
SDIO_WriteFIFO           0x800'25f9      0xa  Code  Gb  stm32f4xx_ll_sdmmc.o [1]
SDMMC_CmdAppCommand      0x800'283b     0x32  Code  Gb  stm32f4xx_ll_sdmmc.o [1]
SDMMC_CmdAppOperCommand
                         0x800'286d     0x32  Code  Gb  stm32f4xx_ll_sdmmc.o [1]
SDMMC_CmdBlockLength     0x800'267d     0x32  Code  Gb  stm32f4xx_ll_sdmmc.o [1]
SDMMC_CmdBusWidth        0x800'289f     0x32  Code  Gb  stm32f4xx_ll_sdmmc.o [1]
SDMMC_CmdGoIdleState     0x800'27dd     0x2e  Code  Gb  stm32f4xx_ll_sdmmc.o [1]
SDMMC_CmdOperCond        0x800'280b     0x30  Code  Gb  stm32f4xx_ll_sdmmc.o [1]
SDMMC_CmdReadMultiBlock
                         0x800'26e1     0x32  Code  Gb  stm32f4xx_ll_sdmmc.o [1]
SDMMC_CmdReadSingleBlock
                         0x800'26af     0x32  Code  Gb  stm32f4xx_ll_sdmmc.o [1]
SDMMC_CmdSelDesel        0x800'27ab     0x32  Code  Gb  stm32f4xx_ll_sdmmc.o [1]
SDMMC_CmdSendCID         0x800'2905     0x2e  Code  Gb  stm32f4xx_ll_sdmmc.o [1]
SDMMC_CmdSendCSD         0x800'2933     0x2c  Code  Gb  stm32f4xx_ll_sdmmc.o [1]
SDMMC_CmdSendSCR         0x800'28d1     0x34  Code  Gb  stm32f4xx_ll_sdmmc.o [1]
SDMMC_CmdSendStatus      0x800'2993     0x32  Code  Gb  stm32f4xx_ll_sdmmc.o [1]
SDMMC_CmdSetRelAdd       0x800'295f     0x34  Code  Gb  stm32f4xx_ll_sdmmc.o [1]
SDMMC_CmdStopTransfer    0x800'2777     0x34  Code  Gb  stm32f4xx_ll_sdmmc.o [1]
SDMMC_CmdWriteMultiBlock
                         0x800'2745     0x32  Code  Gb  stm32f4xx_ll_sdmmc.o [1]
SDMMC_CmdWriteSingleBlock
                         0x800'2713     0x32  Code  Gb  stm32f4xx_ll_sdmmc.o [1]
SDMMC_GetCmdError        0x800'29c5     0x32  Code  Lc  stm32f4xx_ll_sdmmc.o [1]
SDMMC_GetCmdResp1        0x800'29f7    0x128  Code  Lc  stm32f4xx_ll_sdmmc.o [1]
SDMMC_GetCmdResp2        0x800'2b1f     0x52  Code  Lc  stm32f4xx_ll_sdmmc.o [1]
SDMMC_GetCmdResp3        0x800'2b71     0x44  Code  Lc  stm32f4xx_ll_sdmmc.o [1]
SDMMC_GetCmdResp6        0x800'2bb5     0x96  Code  Lc  stm32f4xx_ll_sdmmc.o [1]
SDMMC_GetCmdResp7        0x800'2c4b     0x58  Code  Lc  stm32f4xx_ll_sdmmc.o [1]
SDPath                  0x2001'7588      0x4  Data  Gb  fatfs.o [1]
SD_CheckStatus           0x800'69a9     0x1c  Code  Lc  sd_diskio.o [1]
SD_Driver                0x800'6e80     0x14  Data  Gb  sd_diskio.o [1]
SD_FindSCR               0x800'22b1    0x11c  Code  Lc  stm32f4xx_hal_sd.o [1]
SD_InitCard              0x800'2033     0xf2  Code  Lc  stm32f4xx_hal_sd.o [1]
SD_PowerON               0x800'2125     0xac  Code  Lc  stm32f4xx_hal_sd.o [1]
SD_SendStatus            0x800'21d9     0x2c  Code  Lc  stm32f4xx_hal_sd.o [1]
SD_WideBus_Disable       0x800'225b     0x56  Code  Lc  stm32f4xx_hal_sd.o [1]
SD_WideBus_Enable        0x800'2205     0x56  Code  Lc  stm32f4xx_hal_sd.o [1]
SD_initialize            0x800'69c5     0x20  Code  Gb  sd_diskio.o [1]
SD_ioctl                 0x800'6a3b     0x5e  Code  Gb  sd_diskio.o [1]
SD_read                  0x800'69ef     0x26  Code  Gb  sd_diskio.o [1]
SD_status                0x800'69e5      0xa  Code  Gb  sd_diskio.o [1]
SD_write                 0x800'6a15     0x26  Code  Gb  sd_diskio.o [1]
STORAGE_GetCapacity      0x800'6cb1     0x1c  Code  Gb  StorageMode.o [1]
STORAGE_GetMaxLun        0x800'6d01      0x4  Code  Gb  StorageMode.o [1]
STORAGE_Init             0x800'6cad      0x4  Code  Gb  StorageMode.o [1]
STORAGE_Inquirydata      0x800'6d6c     0x24  Data  Gb  StorageMode.o [1]
STORAGE_IsReady          0x800'6ccd      0x4  Code  Gb  StorageMode.o [1]
STORAGE_IsWriteProtected
                         0x800'6cd1      0x4  Code  Gb  StorageMode.o [1]
STORAGE_Read             0x800'6cd5     0x12  Code  Gb  StorageMode.o [1]
STORAGE_Write            0x800'6ce7     0x12  Code  Gb  StorageMode.o [1]
STORAGE_fops            0x2000'0008     0x20  Data  Gb  StorageMode.o [1]
SVC_Handler              0x800'6d0f      0x2  Code  Gb  stm32f4xx_it.o [1]
Stat                    0x2000'0168      0x1  Data  Lc  sd_diskio.o [1]
SysTick_Config           0x800'3b81     0x2e  Code  Lc  stm32f4xx_hal_cortex.o [1]
SysTick_Handler          0x800'6d15      0x8  Code  Gb  stm32f4xx_it.o [1]
SystemClock_Config       0x800'5f1b     0xa2  Code  Gb  main.o [1]
SystemCoreClock         0x2000'002c      0x4  Data  Gb  system_stm32f4xx.o [1]
SystemInit               0x800'6e65     0x14  Code  Gb  system_stm32f4xx.o [1]
TIM_Base_SetConfig       0x800'6591     0xba  Code  Gb  stm32f4xx_hal_tim.o [1]
TX_buffer_state         0x2001'75d0      0x1  Data  Gb  usbd_audio_core.o [1]
USBD_ClrCfg              0x800'5215     0x10  Code  Gb  usbd_core.o [1]
USBD_ClrFeature          0x800'4e8f     0x34  Code  Lc  usbd_req.o [1]
USBD_CtlContinueRx       0x800'48e3     0x16  Code  Gb  usbd_ioreq.o [1]
USBD_CtlContinueSendData
                         0x800'48a1     0x16  Code  Gb  usbd_ioreq.o [1]
USBD_CtlError            0x800'4f07     0x34  Code  Gb  usbd_req.o [1]
USBD_CtlPrepareRx        0x800'48b7     0x2c  Code  Gb  usbd_ioreq.o [1]
USBD_CtlReceiveStatus    0x800'491d     0x24  Code  Gb  usbd_ioreq.o [1]
USBD_CtlSendData         0x800'4875     0x2c  Code  Gb  usbd_ioreq.o [1]
USBD_CtlSendStatus       0x800'48f9     0x24  Code  Gb  usbd_ioreq.o [1]
USBD_DCD_INT_cb         0x2000'00e8     0x2c  Data  Gb  usbd_core.o [1]
USBD_DCD_INT_fops       0x2000'0114      0x4  Data  Gb  usbd_core.o [1]
USBD_DataInStage         0x800'50cd     0xba  Code  Lc  usbd_core.o [1]
USBD_DataOutStage        0x800'5037     0x96  Code  Lc  usbd_core.o [1]
USBD_DeInit              0x800'4fe1      0x4  Code  Gb  usbd_core.o [1]
USBD_DeviceDesc         0x2000'0134     0x14  Data  Gb  usbd_desc.o [1]
USBD_GetConfig           0x800'4d91     0x38  Code  Lc  usbd_req.o [1]
USBD_GetDescriptor       0x800'4b71    0x11c  Code  Lc  usbd_req.o [1]
USBD_GetLen              0x800'4f89     0x14  Code  Lc  usbd_req.o [1]
USBD_GetRxCount          0x800'4941     0x10  Code  Gb  usbd_ioreq.o [1]
USBD_GetStatus           0x800'4dc9     0x32  Code  Lc  usbd_req.o [1]
USBD_GetString           0x800'4f3b     0x4e  Code  Gb  usbd_req.o [1]
USBD_Init                0x800'4f9d     0x44  Code  Gb  usbd_core.o [1]
USBD_IsoINIncomplete     0x800'5225      0xe  Code  Lc  usbd_core.o [1]
USBD_IsoOUTIncomplete    0x800'5233      0xe  Code  Lc  usbd_core.o [1]
USBD_LangIDDesc         0x2000'0148      0x4  Data  Gb  usbd_desc.o [1]
USBD_MSC_AltSet         0x2001'75cd      0x1  Data  Lc  usbd_audio_core.o [1]
USBD_MSC_DataIn          0x800'5e1d      0xc  Code  Gb  usbd_msc_core.o [1]
USBD_MSC_DataOut         0x800'5e29      0xc  Code  Gb  usbd_msc_core.o [1]
USBD_MSC_MaxLun         0x2001'75cc      0x1  Data  Gb  usbd_audio_core.o [1]
USBD_OTG_ISR_Handler     0x800'5241     0x9c  Code  Gb  usb_dcd_int.o [1]
USBD_ParseSetupRequest   0x800'4ec3     0x44  Code  Gb  usbd_req.o [1]
USBD_Reset               0x800'5187     0x30  Code  Lc  usbd_core.o [1]
USBD_Resume              0x800'51b7     0x16  Code  Lc  usbd_core.o [1]
USBD_SOF                 0x800'51e1     0x18  Code  Lc  usbd_core.o [1]
USBD_STORAGE_fops       0x2000'0028      0x4  Data  Gb  StorageMode.o [1]
USBD_SetAddress          0x800'4c8d     0x58  Code  Lc  usbd_req.o [1]
USBD_SetCfg              0x800'51f9     0x1c  Code  Gb  usbd_core.o [1]
USBD_SetConfig           0x800'4ce5     0xac  Code  Lc  usbd_req.o [1]
USBD_SetConfig::cfgidx  0x2001'75d5      0x1  Data  Lc  usbd_req.o [1]
USBD_SetFeature          0x800'4e0d     0x82  Code  Lc  usbd_req.o [1]
USBD_SetupStage          0x800'4fe5     0x52  Code  Lc  usbd_core.o [1]
USBD_StdDevReq           0x800'4951     0x58  Code  Gb  usbd_req.o [1]
USBD_StdEPReq            0x800'49f9    0x178  Code  Gb  usbd_req.o [1]
USBD_StdItfReq           0x800'49a9     0x50  Code  Gb  usbd_req.o [1]
USBD_StrDesc            0x2001'72b0     0xc8  Data  Gb  usbd_req.o [1]
USBD_Suspend             0x800'51cd     0x14  Code  Lc  usbd_core.o [1]
USBD_USR_ConfigStrDescriptor
                         0x800'6bbf     0x20  Code  Gb  usbd_desc.o [1]
USBD_USR_DeviceConfigured
                         0x800'2f7f      0x2  Code  Gb  usbd_usr.o [1]
USBD_USR_DeviceConnected
                         0x800'2f85      0x2  Code  Gb  usbd_usr.o [1]
USBD_USR_DeviceDescriptor
                         0x800'6b5d      0x8  Code  Gb  usbd_desc.o [1]
USBD_USR_DeviceDisconnected
                         0x800'2f87      0x2  Code  Gb  usbd_usr.o [1]
USBD_USR_DeviceReset     0x800'2f7d      0x2  Code  Gb  usbd_usr.o [1]
USBD_USR_DeviceResumed   0x800'2f83      0x2  Code  Gb  usbd_usr.o [1]
USBD_USR_DeviceSuspended
                         0x800'2f81      0x2  Code  Gb  usbd_usr.o [1]
USBD_USR_Init            0x800'2f7b      0x2  Code  Gb  usbd_usr.o [1]
USBD_USR_InterfaceStrDescriptor
                         0x800'6bdf     0x20  Code  Gb  usbd_desc.o [1]
USBD_USR_LangIDStrDescriptor
                         0x800'6b65      0x8  Code  Gb  usbd_desc.o [1]
USBD_USR_ManufacturerStrDescriptor
                         0x800'6b8d     0x12  Code  Gb  usbd_desc.o [1]
USBD_USR_ProductStrDescriptor
                         0x800'6b6d     0x20  Code  Gb  usbd_desc.o [1]
USBD_USR_SerialStrDescriptor
                         0x800'6b9f     0x20  Code  Gb  usbd_desc.o [1]
USBD_audio_GetCfgDesc    0x800'5dd5      0x8  Code  Lc  usbd_audio_core.o [1]
USBD_cfg_status         0x2001'75c0      0x4  Data  Gb  usbd_req.o [1]
USBD_default_cfg        0x2001'75bc      0x4  Data  Gb  usbd_req.o [1]
USBD_ep_status          0x2001'75b8      0x4  Data  Gb  usbd_req.o [1]
USB_OTG_BSP_EnableInterrupt
                         0x800'3a7d     0x1a  Code  Gb  usb_bsp.o [1]
USB_OTG_BSP_Init         0x800'39bd     0xc0  Code  Gb  usb_bsp.o [1]
USB_OTG_BSP_mDelay       0x800'3ad1      0xe  Code  Gb  usb_bsp.o [1]
USB_OTG_BSP_uDelay       0x800'3a97     0x20  Code  Gb  usb_bsp.o [1]
USB_OTG_CoreInit         0x800'3141     0xb4  Code  Gb  usb_core.o [1]
USB_OTG_CoreInitDev      0x800'332f    0x176  Code  Gb  usb_core.o [1]
USB_OTG_CoreReset        0x800'2fa9     0x5c  Code  Lc  usb_core.o [1]
USB_OTG_DisableGlobalInt
                         0x800'320d     0x1a  Code  Gb  usb_core.o [1]
USB_OTG_EP0Activate      0x800'3521     0x4a  Code  Gb  usb_core.o [1]
USB_OTG_EP0StartXfer     0x800'379b    0x124  Code  Gb  usb_core.o [1]
USB_OTG_EP0_OutStart     0x800'396f     0x4c  Code  Gb  usb_core.o [1]
USB_OTG_EPActivate       0x800'356b     0x74  Code  Gb  usb_core.o [1]
USB_OTG_EPClearStall     0x800'38fd     0x3e  Code  Gb  usb_core.o [1]
USB_OTG_EPDeactivate     0x800'35df     0x56  Code  Gb  usb_core.o [1]
USB_OTG_EPSetStall       0x800'38bf     0x3e  Code  Gb  usb_core.o [1]
USB_OTG_EPStartXfer      0x800'3635    0x166  Code  Gb  usb_core.o [1]
USB_OTG_EnableCommonInt
                         0x800'2f89     0x20  Code  Lc  usb_core.o [1]
USB_OTG_EnableDevInt     0x800'34a5     0x50  Code  Gb  usb_core.o [1]
USB_OTG_EnableGlobalInt
                         0x800'31f5     0x18  Code  Gb  usb_core.o [1]
USB_OTG_FlushRxFifo      0x800'326f     0x40  Code  Gb  usb_core.o [1]
USB_OTG_FlushTxFifo      0x800'3227     0x48  Code  Gb  usb_core.o [1]
USB_OTG_GetDeviceSpeed   0x800'34f5     0x2c  Code  Gb  usb_core.o [1]
USB_OTG_GetMode          0x800'32f1      0xa  Code  Gb  usb_core.o [1]
USB_OTG_InitDevSpeed     0x800'331f     0x10  Code  Gb  usb_core.o [1]
USB_OTG_IsDeviceMode     0x800'32fb     0x14  Code  Gb  usb_core.o [1]
USB_OTG_ReadCoreItr      0x800'330f     0x10  Code  Gb  usb_core.o [1]
USB_OTG_ReadDevAllInEPItr
                         0x800'395f     0x10  Code  Gb  usb_core.o [1]
USB_OTG_ReadDevAllOutEp_itr
                         0x800'393b     0x10  Code  Gb  usb_core.o [1]
USB_OTG_ReadDevOutEP_itr
                         0x800'394b     0x14  Code  Gb  usb_core.o [1]
USB_OTG_ReadPacket       0x800'303f     0x28  Code  Gb  usb_core.o [1]
USB_OTG_SelectCore       0x800'3067     0xda  Code  Gb  usb_core.o [1]
USB_OTG_SetCurrentMode   0x800'32b9     0x38  Code  Gb  usb_core.o [1]
USB_OTG_WritePacket      0x800'3005     0x3a  Code  Gb  usb_core.o [1]
USB_OTG_dev             0x2001'656c    0xb14  Data  Gb  main.o [1]
USR_cb                  0x2000'014c     0x1c  Data  Gb  usbd_usr.o [1]
USR_desc                0x2000'0118     0x1c  Data  Gb  usbd_desc.o [1]
UsageFault_Handler       0x800'6d0d      0x2  Code  Gb  stm32f4xx_it.o [1]
WAVFileStatus           0x2000'0000      0x4  Data  Gb  main.o [1]
WAV_file_processing_from_SD
                         0x800'5fbd     0xa6  Code  Gb  main.o [1]
__NVIC_EnableIRQ         0x800'3b05     0x1c  Code  Lc  stm32f4xx_hal_cortex.o [1]
__NVIC_GetPriorityGrouping
                         0x800'3afb      0xa  Code  Lc  stm32f4xx_hal_cortex.o [1]
__NVIC_SetPriority       0x800'3b21     0x24  Code  Lc  stm32f4xx_hal_cortex.o [1]
__NVIC_SetPriorityGrouping
                         0x800'3ae1     0x1a  Code  Lc  stm32f4xx_hal_cortex.o [1]
__aeabi_ldiv0            0x800'69a5           Code  Gb  I64DivZer.o [4]
__aeabi_memclr4          0x800'2cc5           Code  Gb  ABImemclr4.o [4]
__aeabi_memcpy           0x800'24a5           Code  Gb  ABImemcpy.o [4]
__aeabi_memcpy4          0x800'24c5           Code  Gb  ABImemcpy.o [4]
__aeabi_memcpy8          0x800'24c5           Code  Gb  ABImemcpy.o [4]
__aeabi_uldivmod         0x800'6775           Code  Gb  I64DivMod.o [4]
__cmain                  0x800'6e1d           Code  Gb  cmain.o [4]
__exit                   0x800'6e51     0x14  Code  Gb  exit.o [5]
__iar_Memset4_word       0x800'2f49           Code  Gb  ABImemset48.o [4]
__iar_Memset8_word       0x800'2f49           Code  Gb  ABImemset48.o [4]
__iar_data_init3         0x800'6d45     0x28  Code  Gb  data_init.o [4]
__iar_init_vfp           0x800'6dd9           Code  Gb  fpinit_M.o [3]
__iar_lz77_init_single3
                         0x800'254b     0x7a  Code  Gb  lz77_init_single.o [4]
__iar_program_start      0x800'6f35           Code  Gb  cstartup_M.o [4]
__iar_zero_init3         0x800'2ccb     0x3a  Code  Gb  zero_init3.o [4]
__low_level_init         0x800'6e3b      0x4  Code  Gb  low_level_init.o [2]
__vector_table           0x800'0000           Data  Gb  startup_stm32f407xx.o [1]
_call_main               0x800'6e29           Code  Gb  cmain.o [4]
_exit                    0x800'6e45           Code  Gb  cexit.o [4]
_main                    0x800'6e37           Code  Gb  cmain.o [4]
button1_state           0x2001'75cb      0x1  Data  Gb  main.o [1]
cdev                    0x2001'75b4      0x4  Data  Gb  usbd_msc_scsi.o [1]
check_fs                 0x800'0da7     0x78  Code  Lc  ff.o [1]
chk_chr                  0x800'020f     0x14  Code  Lc  ff.o [1]
chk_lock                 0x800'0223     0x76  Code  Lc  ff.o [1]
clear_lock               0x800'03b3     0x22  Code  Lc  ff.o [1]
clmt_clust               0x800'0869     0x2a  Code  Lc  ff.o [1]
clust2sect               0x800'04fb     0x1a  Code  Lc  ff.o [1]
create_chain             0x800'0797     0xd2  Code  Lc  ff.o [1]
create_name              0x800'0bd3     0xee  Code  Lc  ff.o [1]
dec_lock                 0x800'0371     0x42  Code  Lc  ff.o [1]
delay_cnt               0x2001'7590      0x4  Data  Gb  main.o [1]
dir_alloc                0x800'0a5f     0x64  Code  Lc  ff.o [1]
dir_find                 0x800'0b13     0x76  Code  Lc  ff.o [1]
dir_next                 0x800'093d    0x122  Code  Lc  ff.o [1]
dir_register             0x800'0b89     0x4a  Code  Lc  ff.o [1]
dir_sdi                  0x800'0893     0xaa  Code  Lc  ff.o [1]
disk                    0x2001'757c      0xc  Data  Gb  ff_gen_drv.o [1]
disk_initialize          0x800'16e7     0x32  Code  Gb  diskio.o [1]
disk_ioctl               0x800'1755     0x20  Code  Gb  diskio.o [1]
disk_read                0x800'1719     0x1e  Code  Gb  diskio.o [1]
disk_status              0x800'16c9     0x1e  Code  Gb  diskio.o [1]
disk_write               0x800'1737     0x1e  Code  Gb  diskio.o [1]
enq_lock                 0x800'0299     0x22  Code  Lc  ff.o [1]
exit                     0x800'6e3f      0x4  Code  Gb  exit.o [2]
f_close                  0x800'1691     0x38  Code  Gb  ff.o [1]
f_mount                  0x800'1153     0x60  Code  Gb  ff.o [1]
f_open                   0x800'11b3    0x256  Code  Gb  ff.o [1]
f_read                   0x800'1409    0x1c4  Code  Gb  ff.o [1]
f_sync                   0x800'15cd     0x9c  Code  Gb  ff.o [1]
find_volume              0x800'0e29    0x2e2  Code  Lc  ff.o [1]
follow_path              0x800'0cc9     0x96  Code  Lc  ff.o [1]
get_fat                  0x800'0515     0xd2  Code  Lc  ff.o [1]
get_ldnumber             0x800'0d5f     0x48  Code  Lc  ff.o [1]
hsd                     0x2001'7378     0x84  Data  Gb  sdio.o [1]
htim6                   0x2001'744c     0x40  Data  Gb  tim.o [1]
inc_lock                 0x800'02bb     0xb6  Code  Lc  ff.o [1]
ld_clust                 0x800'0ac3     0x26  Code  Lc  ff.o [1]
ld_dword                 0x800'0195     0x16  Code  Lc  ff.o [1]
ld_word                  0x800'0189      0xc  Code  Lc  ff.o [1]
main                     0x800'5e35     0xe6  Code  Gb  main.o [1]
mem_cmp                  0x800'01f1     0x1e  Code  Lc  ff.o [1]
mem_cpy                  0x800'01d1     0x14  Code  Lc  ff.o [1]
mem_set                  0x800'01e5      0xc  Code  Lc  ff.o [1]
memcmp                   0x800'6465           Code  Gb  memcmp.o [4]
move_window              0x800'0429     0x3e  Code  Lc  ff.o [1]
put_fat                  0x800'05e7    0x122  Code  Lc  ff.o [1]
remove_chain             0x800'0709     0x8e  Code  Lc  ff.o [1]
res                     0x2001'75c9      0x1  Data  Gb  main.o [1]
retSD                   0x2001'75c8      0x1  Data  Gb  fatfs.o [1]
st_clust                 0x800'0ae9     0x2a  Code  Lc  ff.o [1]
st_dword                 0x800'01b9     0x18  Code  Lc  ff.o [1]
st_word                  0x800'01ab      0xe  Code  Lc  ff.o [1]
sync_fs                  0x800'0467     0x94  Code  Lc  ff.o [1]
sync_window              0x800'03d5     0x54  Code  Lc  ff.o [1]
update_Buffer            0x800'6063     0x3a  Code  Gb  main.o [1]
usbd_audio_AltSet       0x2001'75a0      0x4  Data  Lc  usbd_audio_core.o [1]
usbd_audio_CfgDesc      0x2000'005c     0x8c  Data  Lc  usbd_audio_core.o [1]
usbd_audio_DataIn        0x800'5d1b     0x30  Code  Lc  usbd_audio_core.o [1]
usbd_audio_DataOut       0x800'5d65      0x4  Code  Lc  usbd_audio_core.o [1]
usbd_audio_EP0_RxReady   0x800'5d17      0x4  Code  Lc  usbd_audio_core.o [1]
usbd_audio_IN_Incplt     0x800'5e19      0x4  Code  Lc  usbd_audio_core.o [1]
usbd_audio_OUT_Incplt    0x800'5e15      0x4  Code  Lc  usbd_audio_core.o [1]
usbd_audio_SOF           0x800'5d83     0x1c  Code  Lc  usbd_audio_core.o [1]
usbd_audio_Setup         0x800'5b75    0x1a2  Code  Lc  usbd_audio_core.o [1]
usbd_msc_audio_DataIn    0x800'5d4b     0x1a  Code  Lc  usbd_audio_core.o [1]
usbd_msc_audio_DataOut   0x800'5d69     0x1a  Code  Lc  usbd_audio_core.o [1]
usbd_msc_audio_DeInit    0x800'5b4f     0x26  Code  Lc  usbd_audio_core.o [1]
usbd_msc_audio_Init      0x800'5b15     0x3a  Code  Lc  usbd_audio_core.o [1]
uwTick                  0x2001'7594      0x4  Data  Gb  stm32f4xx_hal.o [1]
uwTickFreq              0x2000'0169      0x1  Data  Gb  stm32f4xx_hal.o [1]
uwTickPrio              0x2000'0004      0x4  Data  Gb  stm32f4xx_hal.o [1]
validate                 0x800'110b     0x48  Code  Lc  ff.o [1]
wavBuf                  0x2000'016c  0x15400  Data  Gb  main.o [1]


[1] = C:\Users\AlexV\Desktop\USB_MIC_test\EWARM\USB_MIC_test\Obj
[2] = dl7M_tlf.a
[3] = m7M_tls.a
[4] = rt7M_tl.a
[5] = shb_l.a

   28 366 bytes of readonly  code memory
      776 bytes of readonly  data memory
  103 892 bytes of readwrite data memory

Errors: none
Warnings: none
